// Jest Snapshot v1, https://goo.gl/fbAQLP

exports[`UserCard should take a snapshot for UserCard 1`] = `
<DocumentFragment>
  <button
    aria-label="user-card-button"
    class="user-card"
    data-testid="userCardButton"
    type="button"
  >
    <h1
      class="user-name"
      data-testid="userCardName"
    >
      Jane Doe
    </h1>
    <br />
    <div
      class="user-details"
    >
      <p
        class="user-handle"
        data-testid="userCardHandle"
      >
        @JaneDoe
      </p>
      <p
        class="user-location"
        data-testid="userCardLocation"
      >
        Internet
      </p>
    </div>
  </button>
</DocumentFragment>
`;
