// Jest Snapshot v1, https://goo.gl/fbAQLP

exports[`NotFoundPage should take a snapshot of NotFoundPage 1`] = `
<DocumentFragment>
  <div
    class="not-found"
  >
    Error 404, Page not Found!
  </div>
</DocumentFragment>
`;
