// Jest Snapshot v1, https://goo.gl/fbAQLP

exports[`Loader should take a snapshot for Loader 1`] = `
<DocumentFragment>
  <div
    class="loader"
    data-testid="loaderText"
  >
    Loading...
  </div>
</DocumentFragment>
`;
