// Jest Snapshot v1, https://goo.gl/fbAQLP

exports[`ErrorPage should take a snapshot of ErrorPage 1`] = `
<DocumentFragment>
  <div
    class="not-found"
    data-testid="errorText"
  >
    Error ! Something Went Wrong!
  </div>
</DocumentFragment>
`;
